<html>
<body>
<pre>
<h1>礦ision Build Log</h1>
<h2>Tool Versions:</h2>
IDE-Version: μVision V5.15
Copyright (C) 2015 ARM Ltd and ARM Germany GmbH. All rights reserved.
License Information:  ,  , LIC=MPPPC-7REP3-NNMAF-6Q0VW-D7AGS-PARYR
 
Tool Versions:
Toolchain:       MDK-ARM Standard  Version: 5.15.0
Toolchain Path:  D:\keil5\ARM\ARMCC\Bin
C Compiler:      Armcc.exe V5.05 update 2 (build 169)
Assembler:       Armasm.exe V5.05 update 2 (build 169)
Linker/Locator:  ArmLink.exe V5.05 update 2 (build 169)
Library Manager: ArmAr.exe V5.05 update 2 (build 169)
Hex Converter:   FromElf.exe V5.05 update 2 (build 169)
CPU DLL:         SARMCM3.DLL V5.15.0
Dialog DLL:      DCM.DLL V1.13.2.0
Target DLL:      STLink\ST-LINKIII-KEIL_SWO.dll V2.0.15.0_KEIL
Dialog DLL:      TCM.DLL V1.14.5.0
 
<h2>Project:</h2>
F:\QT\muse_all\下位机\muse19\USER\SD.uvprojx
Project File Date:  12/17/2017

<h2>Output:</h2>
*** Using Compiler 'V5.05 update 2 (build 169)', folder: 'D:\keil5\ARM\ARMCC\Bin'
Build target 'SD'
compiling main.c...
compiling servo.c...
..\HARDWARE\servo\servo.c(65): warning:  #1035-D: single-precision operand implicitly converted to double-precision
    freq *= 0.9;  // Correct for overshoot in the frequency setting (see issue #11).
..\HARDWARE\servo\servo.c(69): warning:  #1035-D: single-precision operand implicitly converted to double-precision
    prescale = floor(prescaleval + 0.5);
..\HARDWARE\servo\servo.c: 2 warnings, 0 errors
linking...
Program Size: Code=44452 RO-data=3948 RW-data=252 ZI-data=1112476  
FromELF: creating hex file...
"..\OBJ\SD.axf" - 0 Error(s), 2 Warning(s).

<h2>Collection of Component include folders:</h2>
  F:\QT\muse_all\下位机\muse19\USER\RTE
  D:\keil5\ARM\PACK\Keil\STM32F4xx_DFP\2.9.0\Drivers\CMSIS\Device\ST\STM32F4xx\Include

<h2>Collection of Component Files used:</h2>
</pre>
</body>
</html>
